let a_1 = a_0;
let a_2 = a_1;
for a_3 = 1 to 2 do
let a_4 = a_3;
let a_5 = a_4;
end;
let a_6 = a_5;
let a_7 = a_6;
