ext x_0 : field;
let y_1 : field = if (0 == (x_0 : field)) then 0 else 0;
