ext ef_0 : field;
ext eb_1 : bool;
ext ev_2 : vector;
let b_3 : bool = (eb_1 : bool);
let f_4 : field = (ef_0 : field);
let v_5 : vector = (ev_2 : vector);
