Program (Statements [ELet (UniVar {_uniVarUni = Bool, _uniVarVar = ?or_13}) (EAppBinOp Or (EConst (UniConst Bool True)) (EConst (UniConst Bool True))),ELet (UniVar {_uniVarUni = Bool, _uniVarVar = ?and_14}) (EAppBinOp And (EConst (UniConst Bool True)) (EConst (UniConst Bool True))),ELet (UniVar {_uniVarUni = Bool, _uniVarVar = ?xor_15}) (EAppBinOp Xor (EConst (UniConst Bool True)) (EConst (UniConst Bool True))),ELet (UniVar {_uniVarUni = Bool, _uniVarVar = ?feq_16}) (EAppBinOp FEq (EConst 0) (EConst 0)),ELet (UniVar {_uniVarUni = Bool, _uniVarVar = ?fle_17}) (EAppBinOp FLe (EConst 0) (EConst 1)),ELet (UniVar {_uniVarUni = Bool, _uniVarVar = ?flt_18}) (EAppBinOp FLt (EConst 0) (EConst 1)),ELet (UniVar {_uniVarUni = Bool, _uniVarVar = ?fge_19}) (EAppBinOp FGe (EConst 1) (EConst 0)),ELet (UniVar {_uniVarUni = Bool, _uniVarVar = ?fgt_20}) (EAppBinOp FGt (EConst 1) (EConst 0)),ELet (UniVar {_uniVarUni = Field, _uniVarVar = add_21}) (EAppBinOp Add (EConst 1) (EConst 1)),ELet (UniVar {_uniVarUni = Field, _uniVarVar = sub_22}) (EAppBinOp Sub (EConst 1) (EConst 1)),ELet (UniVar {_uniVarUni = Field, _uniVarVar = mul_23}) (EAppBinOp Mul (EConst 1) (EConst 1)),ELet (UniVar {_uniVarUni = Field, _uniVarVar = div_24}) (EAppBinOp Div (EConst 1) (EConst 1)),ELet (UniVar {_uniVarUni = Bool, _uniVarVar = ?bat_25}) (EAppBinOp BAt (EConst 0) (EConst (UniConst Vector [True])))])