let ?not'_0 = not T;
let ?neq0'_1 = neq0 0;
let $neg'_2 = neg 0;
let $inv'_3 = inv 0;
let @unpack'_4 = unpack 1;
