SomeOf Field (EVar (UniVar {_uniVarUni = Field, _uniVarVar = i_0}))