SomeOf Bool (EVar (UniVar {_uniVarUni = Bool, _uniVarVar = ?i_0}))