SomeOf Vector (EVar (UniVar {_uniVarUni = Vector, _uniVarVar = #i_0}))