Program (Statements [ELet (UniVar {_uniVarUni = Bool, _uniVarVar = ?bool_3}) (EConst (UniConst Bool True)),ELet (UniVar {_uniVarUni = Field, _uniVarVar = field'_4}) (EConst 1),ELet (UniVar {_uniVarUni = Vector, _uniVarVar = #vector_5}) (EConst (UniConst Vector [True]))])