SomeOf Bool (EAppBinOp Or (EConst (UniConst Bool True)) (EConst (UniConst Bool True)))