SomeOf Bool (EAppBinOp And (EConst (UniConst Bool True)) (EConst (UniConst Bool True)))