SomeOf Bool (EAppBinOp Xor (EConst (UniConst Bool True)) (EConst (UniConst Bool True)))