SomeOf Field (EAppBinOp Add (EConst 1) (EConst 1))