SomeOf Field (EAppBinOp Sub (EConst 1) (EConst 1))