SomeOf Field (EAppBinOp Mul (EConst 1) (EConst 1))