SomeOf Field (EAppBinOp Div (EConst 1) (EConst 1))