SomeOf Bool (EAppBinOp BAt (EConst 0) (EConst (UniConst Vector [True])))