SomeOf Bool (EAppUnOp Not (EConst (UniConst Bool True)))