SomeOf Field (EStatement (ELet (UniVar {_uniVarUni = Field, _uniVarVar = x_0}) (EConst 1)) (EVar (UniVar {_uniVarUni = Field, _uniVarVar = x_0})))