SomeOf Bool (EStatement (EAssert (EConst (UniConst Bool True))) (EConst (UniConst Bool True)))