SomeOf Field (EIf (EConst (UniConst Bool True)) (EConst 0) (EConst 0))