SomeOf Field (EAppBinOp Add (EConst 0) (EIf (EConst (UniConst Bool True)) (EConst 0) (EConst 0)))