Program (Statements [ELet (Var "x") (EAppBinOp Div (EConst (Some 1)) (EConst (Some 2)))])