Program (Statements [EAssert (EConst (Some (UniConst Bool True)))])