Program [(Var "a",BuiltIn (Some Field)),(Var "b",BuiltIn (Some Field))] Statements [EAssert (EAppBinOp FLe (EAppBinOp And (EAppUnOp Neg (EVar (Var "a"))) (EVar (Var "b"))) (EAppUnOp Neg (EAppBinOp And (EVar (Var "a")) (EVar (Var "b")))))]