Program (Statements [EFor (Var "i") 0 0 (Statements [])])