Program [] Statements [EFor (Var "i") 1 2 (Statements [ELet (Var "i'") (EVar (Var "i")),EFor (Var "j") 2 3 (Statements [ELet (Var "k") (EAppBinOp Mul (EVar (Var "i")) (EVar (Var "j"))),EAssert (EAppBinOp FEq (EVar (Var "k")) (EAppBinOp Mul (EVar (Var "i'")) (EVar (Var "j"))))]),ELet (Var "p") (EVar (Var "i")),EFor (Var "l") 1 2 (Statements [ELet (Var "p") (EAppBinOp Mul (EVar (Var "p")) (EVar (Var "l")))])])]