EStatement (ELet (Var "?a") (EConst (Some (UniConst Bool True)))) (EStatement (ELet (Var "?b") (EConst (Some (UniConst Bool False)))) (EStatement (ELet (Var "#v") (EConst (Some (UniConst Vector [True,False,True])))) (EStatement (ELet (Var "?or") (EAppBinOp Or (EVar (Var "?a")) (EVar (Var "?b")))) (EStatement (ELet (Var "?and") (EAppBinOp Or (EVar (Var "?or")) (EVar (Var "?b")))) (EStatement (ELet (Var "?xor") (EAppBinOp Or (EVar (Var "?and")) (EVar (Var "?or")))) (EStatement (ELet (Var "f") (EConst (Some 0))) (EStatement (ELet (Var "g") (EConst (Some 1))) (EStatement (ELet (Var "h") (EConst (Some 2))) (EStatement (ELet (Var "?feq") (EAppBinOp FEq (EVar (Var "g")) (EVar (Var "f")))) (EStatement (ELet (Var "?fle") (EAppBinOp FLe (EVar (Var "h")) (EVar (Var "f")))) (EStatement (ELet (Var "?flt") (EAppBinOp FLt (EVar (Var "f")) (EVar (Var "g")))) (EStatement (ELet (Var "?fge") (EAppBinOp FGe (EVar (Var "g")) (EVar (Var "h")))) (EStatement (ELet (Var "?fgt") (EAppBinOp FGt (EVar (Var "h")) (EVar (Var "f")))) (EStatement (ELet (Var "add") (EAppBinOp Add (EVar (Var "f")) (EVar (Var "g")))) (EStatement (ELet (Var "sub") (EAppBinOp Sub (EVar (Var "g")) (EVar (Var "h")))) (EStatement (ELet (Var "mul") (EAppBinOp Mul (EVar (Var "h")) (EVar (Var "f")))) (EStatement (ELet (Var "div") (EAppBinOp Div (EVar (Var "f")) (EVar (Var "g")))) (EStatement (ELet (Var "?bat") (EAppBinOp BAt (EVar (Var "f")) (EVar (Var "#v")))) (EStatement (ELet (Var "?not") (EAppUnOp Not (EVar (Var "?a")))) (EStatement (ELet (Var "?neq0") (EAppUnOp Neq0 (EVar (Var "f")))) (EStatement (ELet (Var "neg'") (EAppUnOp Neg (EVar (Var "g")))) (EStatement (ELet (Var "inv'") (EAppUnOp Inv (EVar (Var "h")))) (EStatement (ELet (Var "#unpack") (EAppUnOp Unp (EVar (Var "h")))) (EStatement (ELet (Var "?let") (EStatement (ELet (Var "i") (EConst (Some 3))) (EConst (Some (UniConst Bool True))))) (EStatement (ELet (Var "?assert") (EStatement (EAssert (EConst (Some (UniConst Bool True)))) (EConst (Some (UniConst Bool True))))) (EStatement (ELet (Var "?for") (EStatement (EFor (Var "j") 0 2 []) (EConst (Some (UniConst Bool True))))) (EStatement (ELet (Var "?if") (EIf (EConst (Some (UniConst Bool True))) (EConst (Some (UniConst Bool True))) (EConst (Some (UniConst Bool True))))) (EConst (Some (UniConst Bool True))))))))))))))))))))))))))))))