EStatement (EFor (Var "i") 0 0 []) (EConst (Some (UniConst Bool True)))