EStatement (EFor (Var "i") (EConst (Some 0)) (EConst (Some 100)) [EAssert (EConst (Some (UniConst Bool True)))]) (EConst (Some (UniConst Bool True)))