EConst (Some (UniVal Vector [True,False,True,False,True,False]))